
> rest-express@1.0.0 build
> next build

node.exe : ΓÜá Warning: Next.js inferred your workspace root, but it 
may not be correct.
At line:1 char:1
+ & "E:\Program Files\nodejs/node.exe" "E:\Program 
Files\nodejs/node_mo ...
+ 
~~~~~~~~~~~~~~~~~~~~~~~~~~~~~~~~~~~~~~~~~~~~~~~~~~~~~~~~~~~~~~~~~~~~~
    + CategoryInfo          : NotSpecified: (ΓÜá Warning: Ne...not b 
   e correct.:String) [], RemoteException
    + FullyQualifiedErrorId : NativeCommandError
 
 We detected multiple lockfiles and selected the directory of 
E:\Users\shiva\package-lock.json as the root directory.
 To silence this warning, set `turbopack.root` in your Next.js 
config, or consider removing one of the lockfiles if it's not needed.
   See https://nextjs.org/docs/app/api-reference/config/next-config-j
s/turbopack#root-directory for more information.
 Detected additional lockfiles: 
   * 
E:\Users\shiva\Downloads\Opinion-Routing-Platform\package-lock.json

Γû▓ Next.js 16.1.6 (Turbopack)
- Environments: .env.production, .env

  Creating an optimized production build ...
Γ£ô Compiled successfully in 9.9s
  Running TypeScript ...
Failed to compile.

.next/dev/types/validator.ts:62:39
Type error: Cannot find module '../../../app/pages/complete/page.js' 
or its corresponding type declarations.

[0m [90m 60 |[39m {
 [90m 61 |[39m   type __IsExpected[33m<[39m[33mSpecific[39m 
[36mextends[39m [33mAppPageConfig[39m[33m<[39m[32m"/pages/comp
lete"[39m[33m>>[39m [33m=[39m [33mSpecific[39m
[31m[1m>[22m[39m[90m 62 |[39m   [36mconst[39m handler 
[33m=[39m {} [36mas[39m [36mtypeof[39m 
[36mimport[39m([32m"../../../app/pages/complete/page.js"[39m)
 [90m    |[39m                                       
[31m[1m^[22m[39m
 [90m 63 |[39m   type __Check [33m=[39m 
__IsExpected[33m<[39m[36mtypeof[39m handler[33m>[39m
 [90m 64 |[39m   [90m// @ts-ignore[39m
 [90m 65 |[39m   type __Unused [33m=[39m __Check[0m
Next.js build worker exited with code: 1 and signal: null
