[dotenv@17.3.1] injecting env (8) from .env -- tip: ≡ƒ¢á∩╕Å  run anywhere with `dotenvx run -- yourcommand`
InsForge Client Initialized: {
  baseUrl: 'https://cpim43si.us-west.insforge.app',
  hasDatabase: true,
  hasAuth: true,
  hasStorage: true
}
≡ƒÜÇ STARTING FINAL E2E VERIFICATION (V3)...

--- TEST 1: UID REDIRECTION ---
Target UID: V3_TEST_OEQBPQ
Hitting track: http://localhost:3000/track?code=SDAWEQ&country=IN&sup=DTMN&uid=V3_TEST_OEQBPQ
node.exe : 
At line:1 char:1
+ & "E:\Program Files\nodejs/node.exe" "E:\Program Files\nodejs/node_mo 
...
+ ~~~~~~~~~~~~~~~~~~~~~~~~~~~~~~~~~~~~~~~~~~~~~~~~~~~~~~~~~~~~~~~~~~~~~
    + CategoryInfo          : NotSpecified: (:String) [], RemoteExcepti 
   on
    + FullyQualifiedErrorId : NativeCommandError
 
≡ƒö┤ ERROR: fetch failed
