[dotenv@17.3.1] injecting env (4) from .env -- tip: ≡ƒñû agentic secret storage: https://dotenvx.com/as2
InsForge Client Initialized: {
  baseUrl: 'https://cpim43si.us-west.insforge.app',
  hasDatabase: true,
  hasAuth: true,
  hasStorage: true
}
=== STARTING SUPPLIER ISOLATION TESTS ===
Created Supplier: undefined
Created Projects.
node.exe : Supabase Error on Create Supplier User: {
At line:1 char:1
+ & "E:\Program Files\nodejs/node.exe" "E:\Program 
Files\nodejs/node_mo ...
+ ~~~~~~~~~~~~~~~~~~~~~~~~~~~~~~~~~~~~~~~~~~~~~~~~~~~~~~
~~~~~~~~~~~~~~~
    + CategoryInfo          : NotSpecified: (Supabase 
Error     ...upplier User: {:String) [], RemoteException
    + FullyQualifiedErrorId : NativeCommandError
 
  code: '23502',
  details: 'Failing row contains 
(8d424a04-edc9-4d57-97fd-2e2bba0c9a61, 
iso_user_1773588888595, password123, 
3c1e9c7e-6136-44b7-95f6-67b29e293ccb, null, t, null, 
2026-03-15 15:34:48.880237+00, null).',
  hint: null,
  message: 'null value in column "supplier_code" of 
relation "supplier_users" violates not-null constraint'
}

xxx TEST SUITE FAILED xxx
Failed to create supplier user: 
{"code":"23502","details":"Failing row contains 
(8d424a04-edc9-4d57-97fd-2e2bba0c9a61, 
iso_user_1773588888595, password123, 
3c1e9c7e-6136-44b7-95f6-67b29e293ccb, null, t, null, 
2026-03-15 15:34:48.880237+00, 
null).","hint":null,"message":"null value in column 
\"supplier_code\" of relation \"supplier_users\" 
violates not-null constraint"}
