
> rest-express@1.0.0 check
> tsc

.next/types/validator.ts(467,39): error TS2307: Cannot find module '../../app/r/[code]/route.js' or its corresponding type declarations.
.next/types/validator.ts(494,39): error TS2307: Cannot find module '../../app/t/[code]/route.js' or its corresponding type declarations.
