server/storage.ts(562,3): error TS1434: Unexpected keyword or identifier.
server/storage.ts(562,41): error TS1005: ',' expected.
server/storage.ts(562,57): error TS1005: ',' expected.
server/storage.ts(562,80): error TS1109: Expression expected.
server/storage.ts(562,89): error TS1005: ';' expected.
server/storage.ts(563,13): error TS1005: ':' expected.
server/storage.ts(563,23): error TS1005: ',' expected.
server/storage.ts(566,8): error TS1005: ',' expected.
server/storage.ts(571,5): error TS1005: ',' expected.
server/storage.ts(571,11): error TS1005: ':' expected.
server/storage.ts(575,23): error TS1005: ',' expected.
server/storage.ts(577,14): error TS1005: ',' expected.
server/storage.ts(577,100): error TS1005: ',' expected.
server/storage.ts(578,14): error TS1005: ',' expected.
server/storage.ts(578,76): error TS1005: ',' expected.
server/storage.ts(579,14): error TS1005: ':' expected.
server/storage.ts(579,52): error TS1005: ',' expected.
server/storage.ts(582,3): error TS1434: Unexpected keyword or identifier.
server/storage.ts(582,45): error TS1005: ',' expected.
server/storage.ts(582,67): error TS1005: ',' expected.
server/storage.ts(582,88): error TS1005: ',' expected.
server/storage.ts(582,97): error TS1005: ';' expected.
server/storage.ts(583,14): error TS1005: ',' expected.
server/storage.ts(583,127): error TS1005: ',' expected.
server/storage.ts(585,11): error TS1005: ':' expected.
server/storage.ts(586,15): error TS1005: ':' expected.
server/storage.ts(590,43): error TS1005: ',' expected.
server/storage.ts(592,24): error TS1005: '{' expected.
server/storage.ts(592,31): error TS1005: ',' expected.
server/storage.ts(592,107): error TS1005: ',' expected.
server/storage.ts(594,15): error TS1005: ':' expected.
server/storage.ts(598,46): error TS1005: ',' expected.
server/storage.ts(600,24): error TS1005: '{' expected.
server/storage.ts(600,31): error TS1005: ',' expected.
server/storage.ts(600,107): error TS1005: ',' expected.
server/storage.ts(602,16): error TS1005: ',' expected.
server/storage.ts(602,108): error TS1005: ',' expected.
server/storage.ts(603,27): error TS1005: ',' expected.
server/storage.ts(603,31): error TS1005: ',' expected.
server/storage.ts(603,33): error TS1136: Property assignment expected.
server/storage.ts(610,3): error TS1434: Unexpected keyword or identifier.
server/storage.ts(610,25): error TS1005: ';' expected.
server/storage.ts(610,48): error TS1011: An element access expression should take an argument.
server/storage.ts(611,9): error TS1005: ':' expected.
server/storage.ts(611,117): error TS1005: ',' expected.
server/storage.ts(612,15): error TS1005: ',' expected.
server/storage.ts(612,20): error TS1005: ';' expected.
server/storage.ts(612,21): error TS1128: Declaration or statement expected.
server/storage.ts(613,3): error TS1128: Declaration or statement expected.
server/storage.ts(615,3): error TS1128: Declaration or statement expected.
server/storage.ts(615,11): error TS1128: Declaration or statement expected.
server/storage.ts(616,13): error TS1011: An element access expression should take an argument.
server/storage.ts(619,3): error TS1109: Expression expected.
server/storage.ts(619,10): error TS1005: ';' expected.
server/storage.ts(621,3): error TS1434: Unexpected keyword or identifier.
server/storage.ts(621,44): error TS1005: ';' expected.
server/storage.ts(621,60): error TS1011: An element access expression should take an argument.
server/storage.ts(622,9): error TS1005: ':' expected.
server/storage.ts(622,26): error TS1005: ',' expected.
server/storage.ts(623,9): error TS1005: ':' expected.
server/storage.ts(623,25): error TS1005: ',' expected.
server/storage.ts(625,21): error TS1005: ',' expected.
server/storage.ts(625,149): error TS1005: ',' expected.
server/storage.ts(625,151): error TS1136: Property assignment expected.
server/storage.ts(655,3): error TS1128: Declaration or statement expected.
server/storage.ts(657,3): error TS1434: Unexpected keyword or identifier.
server/storage.ts(657,44): error TS1005: ',' expected.
server/storage.ts(657,53): error TS1005: ';' expected.
server/storage.ts(657,76): error TS1011: An element access expression should take an argument.
server/storage.ts(658,9): error TS1005: ':' expected.
server/storage.ts(661,47): error TS1005: ',' expected.
server/storage.ts(662,15): error TS1005: ',' expected.
server/storage.ts(662,20): error TS1005: ';' expected.
server/storage.ts(662,21): error TS1128: Declaration or statement expected.
server/storage.ts(663,3): error TS1128: Declaration or statement expected.
server/storage.ts(666,3): error TS1434: Unexpected keyword or identifier.
server/storage.ts(666,30): error TS1005: ',' expected.
server/storage.ts(666,50): error TS1005: ';' expected.
server/storage.ts(667,9): error TS1005: ':' expected.
server/storage.ts(667,14): error TS1005: ',' expected.
server/storage.ts(671,4): error TS1005: ',' expected.
server/storage.ts(672,9): error TS1005: ',' expected.
server/storage.ts(672,21): error TS1005: ',' expected.
server/storage.ts(672,23): error TS1136: Property assignment expected.
server/storage.ts(678,3): error TS1128: Declaration or statement expected.
server/storage.ts(680,3): error TS1434: Unexpected keyword or identifier.
server/storage.ts(680,34): error TS1005: ',' expected.
server/storage.ts(680,43): error TS1005: ';' expected.
server/storage.ts(680,67): error TS1011: An element access expression should take an argument.
server/storage.ts(681,9): error TS1005: ':' expected.
server/storage.ts(681,147): error TS1005: ',' expected.
server/storage.ts(682,10): error TS1005: ':' expected.
server/storage.ts(682,20): error TS1005: ',' expected.
server/storage.ts(685,3): error TS1128: Declaration or statement expected.
server/storage.ts(685,11): error TS1128: Declaration or statement expected.
server/storage.ts(688,3): error TS1109: Expression expected.
server/storage.ts(688,10): error TS1005: ';' expected.
server/storage.ts(690,3): error TS1434: Unexpected keyword or identifier.
server/storage.ts(690,28): error TS1005: ';' expected.
server/storage.ts(691,9): error TS1005: ':' expected.
server/storage.ts(691,26): error TS1005: ',' expected.
server/storage.ts(692,9): error TS1005: ':' expected.
server/storage.ts(692,25): error TS1005: ',' expected.
server/storage.ts(694,21): error TS1005: ',' expected.
server/storage.ts(694,100): error TS1005: ',' expected.
server/storage.ts(694,102): error TS1136: Property assignment expected.
server/storage.ts(800,3): error TS1128: Declaration or statement expected.
server/storage.ts(802,3): error TS1434: Unexpected keyword or identifier.
server/storage.ts(802,31): error TS1005: ';' expected.
server/storage.ts(818,3): error TS1434: Unexpected keyword or identifier.
server/storage.ts(818,21): error TS1005: ';' expected.
server/storage.ts(818,40): error TS1011: An element access expression should take an argument.
server/storage.ts(819,9): error TS1005: ':' expected.
server/storage.ts(819,113): error TS1005: ',' expected.
server/storage.ts(820,10): error TS1005: ':' expected.
server/storage.ts(820,20): error TS1005: ',' expected.
server/storage.ts(823,3): error TS1434: Unexpected keyword or identifier.
server/storage.ts(823,28): error TS1005: ',' expected.
server/storage.ts(823,43): error TS1005: ';' expected.
server/storage.ts(824,9): error TS1005: ':' expected.
server/storage.ts(824,101): error TS1005: ',' expected.
server/storage.ts(825,6): error TS1003: Identifier expected.
server/storage.ts(825,13): error TS1005: '{' expected.
server/storage.ts(825,19): error TS1005: ':' expected.
server/storage.ts(825,55): error TS1005: ',' expected.
server/storage.ts(826,10): error TS1005: ':' expected.
server/storage.ts(826,14): error TS1005: ',' expected.
server/storage.ts(829,3): error TS1434: Unexpected keyword or identifier.
server/storage.ts(829,24): error TS1005: ',' expected.
server/storage.ts(829,40): error TS1005: ',' expected.
server/storage.ts(829,64): error TS1005: ';' expected.
server/storage.ts(830,9): error TS1005: ':' expected.
server/storage.ts(830,105): error TS1005: ',' expected.
server/storage.ts(831,10): error TS1005: ':' expected.
server/storage.ts(831,27): error TS1005: ',' expected.
server/storage.ts(834,3): error TS1434: Unexpected keyword or identifier.
server/storage.ts(834,24): error TS1005: ',' expected.
server/storage.ts(834,33): error TS1005: ';' expected.
server/storage.ts(834,49): error TS1109: Expression expected.
server/storage.ts(835,9): error TS1005: ',' expected.
server/storage.ts(835,17): error TS1005: ',' expected.
server/storage.ts(835,64): error TS1005: ',' expected.
server/storage.ts(839,3): error TS1434: Unexpected keyword or identifier.
server/storage.ts(839,45): error TS1109: Expression expected.
server/storage.ts(839,67): error TS1109: Expression expected.
server/storage.ts(839,76): error TS1005: ';' expected.
server/storage.ts(839,92): error TS1011: An element access expression should take an argument.
server/storage.ts(840,7): error TS1005: ',' expected.
server/storage.ts(844,7): error TS1005: ',' expected.
server/storage.ts(846,19): error TS1005: '{' expected.
server/storage.ts(846,64): error TS1005: ',' expected.
server/storage.ts(847,18): error TS1005: '{' expected.
server/storage.ts(847,61): error TS1005: ',' expected.
server/storage.ts(849,9): error TS1005: ':' expected.
server/storage.ts(849,73): error TS1005: ',' expected.
server/storage.ts(851,15): error TS1005: ',' expected.
server/storage.ts(851,20): error TS1005: ';' expected.
server/storage.ts(851,21): error TS1128: Declaration or statement expected.
server/storage.ts(864,3): error TS1128: Declaration or statement expected.
server/storage.ts(866,3): error TS1434: Unexpected keyword or identifier.
server/storage.ts(866,44): error TS1005: ',' expected.
server/storage.ts(866,71): error TS1005: ';' expected.
server/storage.ts(867,9): error TS1005: ':' expected.
server/storage.ts(867,30): error TS1005: ',' expected.
server/storage.ts(868,9): error TS1005: ':' expected.
server/storage.ts(868,21): error TS1005: ',' expected.
server/storage.ts(875,4): error TS1005: ',' expected.
server/storage.ts(876,9): error TS1005: ':' expected.
server/storage.ts(876,120): error TS1005: ',' expected.
server/storage.ts(881,5): error TS1005: ',' expected.
server/storage.ts(881,8): error TS1003: Identifier expected.
server/storage.ts(881,15): error TS1005: '{' expected.
server/storage.ts(881,21): error TS1005: ':' expected.
server/storage.ts(881,70): error TS1005: ',' expected.
server/storage.ts(882,10): error TS1005: ':' expected.
server/storage.ts(882,14): error TS1005: ',' expected.
server/storage.ts(885,3): error TS1434: Unexpected keyword or identifier.
server/storage.ts(885,36): error TS1005: ',' expected.
server/storage.ts(885,56): error TS1005: ',' expected.
server/storage.ts(885,86): error TS1005: ';' expected.
server/storage.ts(886,9): error TS1005: ':' expected.
server/storage.ts(886,30): error TS1005: ',' expected.
server/storage.ts(887,9): error TS1005: ':' expected.
server/storage.ts(887,21): error TS1005: ',' expected.
server/storage.ts(887,31): error TS1005: ',' expected.
server/storage.ts(888,7): error TS1005: ',' expected.
server/storage.ts(888,19): error TS1005: ',' expected.
server/storage.ts(888,33): error TS1005: ',' expected.
server/storage.ts(888,62): error TS1005: ',' expected.
server/storage.ts(889,7): error TS1005: ',' expected.
server/storage.ts(889,19): error TS1005: ',' expected.
server/storage.ts(889,33): error TS1005: ',' expected.
server/storage.ts(889,62): error TS1005: ',' expected.
server/storage.ts(890,7): error TS1005: ',' expected.
server/storage.ts(890,18): error TS1005: ',' expected.
server/storage.ts(890,32): error TS1005: ',' expected.
server/storage.ts(890,59): error TS1005: ',' expected.
server/storage.ts(891,7): error TS1005: ',' expected.
server/storage.ts(891,14): error TS1005: ',' expected.
server/storage.ts(891,28): error TS1005: ',' expected.
server/storage.ts(891,46): error TS1005: ',' expected.
server/storage.ts(892,7): error TS1005: ',' expected.
server/storage.ts(892,33): error TS1005: ',' expected.
server/storage.ts(892,47): error TS1005: ',' expected.
server/storage.ts(892,76): error TS1005: ',' expected.
server/storage.ts(893,7): error TS1005: ',' expected.
server/storage.ts(893,34): error TS1005: ',' expected.
server/storage.ts(893,48): error TS1005: ',' expected.
server/storage.ts(893,79): error TS1005: ',' expected.
server/storage.ts(894,7): error TS1005: ',' expected.
server/storage.ts(894,34): error TS1005: ',' expected.
server/storage.ts(894,48): error TS1005: ',' expected.
server/storage.ts(894,79): error TS1005: ',' expected.
server/storage.ts(895,7): error TS1005: ',' expected.
server/storage.ts(895,33): error TS1005: ',' expected.
server/storage.ts(895,47): error TS1005: ',' expected.
server/storage.ts(895,76): error TS1005: ',' expected.
server/storage.ts(897,9): error TS1005: ':' expected.
server/storage.ts(897,133): error TS1005: ',' expected.
server/storage.ts(898,10): error TS1005: ':' expected.
server/storage.ts(898,30): error TS1005: ',' expected.
server/storage.ts(901,3): error TS1434: Unexpected keyword or identifier.
server/storage.ts(901,36): error TS1005: ',' expected.
server/storage.ts(901,45): error TS1005: ';' expected.
server/storage.ts(901,61): error TS1109: Expression expected.
server/storage.ts(902,9): error TS1005: ',' expected.
server/storage.ts(902,17): error TS1005: ',' expected.
server/storage.ts(902,77): error TS1005: ',' expected.
server/storage.ts(905,3): error TS1434: Unexpected keyword or identifier.
server/storage.ts(905,49): error TS1005: ',' expected.
server/storage.ts(905,70): error TS1005: ',' expected.
server/storage.ts(905,90): error TS1005: ',' expected.
server/storage.ts(905,99): error TS1005: ';' expected.
server/storage.ts(906,9): error TS1005: ':' expected.
server/storage.ts(911,14): error TS1005: ',' expected.
server/storage.ts(912,10): error TS1005: ':' expected.
server/storage.ts(912,27): error TS1005: ',' expected.
server/storage.ts(916,3): error TS1434: Unexpected keyword or identifier.
server/storage.ts(916,33): error TS1005: ',' expected.
server/storage.ts(916,42): error TS1005: ';' expected.
server/storage.ts(917,9): error TS1005: ':' expected.
server/storage.ts(917,123): error TS1005: ',' expected.
server/storage.ts(918,10): error TS1005: ':' expected.
server/storage.ts(918,27): error TS1005: ',' expected.
server/storage.ts(921,3): error TS1434: Unexpected keyword or identifier.
server/storage.ts(921,31): error TS1005: ',' expected.
server/storage.ts(921,56): error TS1005: ';' expected.
server/storage.ts(922,9): error TS1005: ':' expected.
server/storage.ts(922,26): error TS1005: ',' expected.
server/storage.ts(923,9): error TS1005: ':' expected.
server/storage.ts(923,17): error TS1005: ',' expected.
server/storage.ts(927,4): error TS1005: ',' expected.
server/storage.ts(928,7): error TS1005: ',' expected.
server/storage.ts(928,14): error TS1005: ',' expected.
server/storage.ts(928,24): error TS1005: ',' expected.
server/storage.ts(928,43): error TS1005: ',' expected.
server/storage.ts(929,7): error TS1005: ',' expected.
server/storage.ts(929,18): error TS1005: ',' expected.
server/storage.ts(929,28): error TS1005: ',' expected.
server/storage.ts(929,55): error TS1005: ',' expected.
server/storage.ts(930,7): error TS1005: ',' expected.
server/storage.ts(930,19): error TS1005: ',' expected.
server/storage.ts(930,29): error TS1005: ',' expected.
server/storage.ts(930,58): error TS1005: ',' expected.
server/storage.ts(931,7): error TS1005: ',' expected.
server/storage.ts(931,16): error TS1005: ',' expected.
server/storage.ts(931,26): error TS1005: ',' expected.
server/storage.ts(931,49): error TS1005: ',' expected.
server/storage.ts(932,7): error TS1005: ',' expected.
server/storage.ts(932,24): error TS1005: ',' expected.
server/storage.ts(932,34): error TS1005: ',' expected.
server/storage.ts(932,73): error TS1005: ',' expected.
server/storage.ts(933,9): error TS1005: ':' expected.
server/storage.ts(933,107): error TS1005: ',' expected.
server/storage.ts(934,6): error TS1003: Identifier expected.
server/storage.ts(934,13): error TS1005: '{' expected.
server/storage.ts(934,19): error TS1005: ':' expected.
server/storage.ts(934,59): error TS1005: ',' expected.
server/storage.ts(935,10): error TS1005: ':' expected.
server/storage.ts(935,14): error TS1005: ',' expected.
server/storage.ts(938,3): error TS1434: Unexpected keyword or identifier.
server/storage.ts(938,36): error TS1005: ',' expected.
server/storage.ts(938,52): error TS1005: ',' expected.
server/storage.ts(938,86): error TS1005: ';' expected.
server/storage.ts(939,9): error TS1005: ':' expected.
server/storage.ts(939,26): error TS1005: ',' expected.
server/storage.ts(940,9): error TS1005: ':' expected.
server/storage.ts(940,17): error TS1005: ',' expected.
server/storage.ts(940,27): error TS1005: ',' expected.
server/storage.ts(941,7): error TS1005: ',' expected.
server/storage.ts(941,28): error TS1005: ',' expected.
server/storage.ts(941,38): error TS1005: ',' expected.
server/storage.ts(941,57): error TS1005: ',' expected.
server/storage.ts(942,7): error TS1005: ',' expected.
server/storage.ts(942,32): error TS1005: ',' expected.
server/storage.ts(942,42): error TS1005: ',' expected.
server/storage.ts(942,69): error TS1005: ',' expected.
server/storage.ts(943,7): error TS1005: ',' expected.
server/storage.ts(943,33): error TS1005: ',' expected.
server/storage.ts(943,43): error TS1005: ',' expected.
server/storage.ts(943,72): error TS1005: ',' expected.
server/storage.ts(944,7): error TS1005: ',' expected.
server/storage.ts(944,30): error TS1005: ',' expected.
server/storage.ts(944,40): error TS1005: ',' expected.
server/storage.ts(944,63): error TS1005: ',' expected.
server/storage.ts(945,7): error TS1005: ',' expected.
server/storage.ts(945,38): error TS1005: ',' expected.
server/storage.ts(945,48): error TS1005: ',' expected.
server/storage.ts(945,87): error TS1005: ',' expected.
server/storage.ts(946,7): error TS1005: ',' expected.
server/storage.ts(946,31): error TS1005: ',' expected.
server/storage.ts(946,41): error TS1005: ',' expected.
server/storage.ts(946,66): error TS1005: ',' expected.
server/storage.ts(947,7): error TS1005: ',' expected.
server/storage.ts(947,32): error TS1005: ',' expected.
server/storage.ts(947,42): error TS1005: ',' expected.
server/storage.ts(947,69): error TS1005: ',' expected.
server/storage.ts(949,9): error TS1005: ':' expected.
server/storage.ts(953,14): error TS1005: ',' expected.
server/storage.ts(954,6): error TS1003: Identifier expected.
server/storage.ts(954,13): error TS1005: '{' expected.
server/storage.ts(954,19): error TS1005: ':' expected.
server/storage.ts(954,59): error TS1005: ',' expected.
server/storage.ts(955,10): error TS1005: ':' expected.
server/storage.ts(955,14): error TS1005: ',' expected.
server/storage.ts(959,3): error TS1434: Unexpected keyword or identifier.
server/storage.ts(959,25): error TS1005: ',' expected.
server/storage.ts(959,40): error TS1005: ';' expected.
server/storage.ts(960,9): error TS1005: ':' expected.
server/storage.ts(960,23): error TS1005: ',' expected.
server/storage.ts(961,9): error TS1005: ':' expected.
server/storage.ts(961,14): error TS1005: ',' expected.
server/storage.ts(969,4): error TS1005: ',' expected.
server/storage.ts(970,7): error TS1005: ',' expected.
server/storage.ts(970,16): error TS1005: ',' expected.
server/storage.ts(970,23): error TS1005: ',' expected.
server/storage.ts(970,45): error TS1005: ',' expected.
server/storage.ts(971,7): error TS1005: ',' expected.
server/storage.ts(971,16): error TS1005: ',' expected.
server/storage.ts(971,23): error TS1005: ',' expected.
server/storage.ts(971,45): error TS1005: ',' expected.
server/storage.ts(972,7): error TS1005: ',' expected.
server/storage.ts(972,18): error TS1005: ',' expected.
server/storage.ts(972,25): error TS1005: ',' expected.
server/storage.ts(972,52): error TS1005: ',' expected.
server/storage.ts(973,7): error TS1005: ',' expected.
server/storage.ts(973,29): error TS1005: ',' expected.
server/storage.ts(973,36): error TS1005: ',' expected.
server/storage.ts(973,56): error TS1005: ',' expected.
server/storage.ts(974,9): error TS1005: ':' expected.
server/storage.ts(974,94): error TS1005: ',' expected.
server/storage.ts(975,6): error TS1003: Identifier expected.
server/storage.ts(975,13): error TS1005: '{' expected.
server/storage.ts(975,19): error TS1005: ':' expected.
server/storage.ts(975,56): error TS1005: ',' expected.
server/storage.ts(976,10): error TS1005: ':' expected.
server/storage.ts(976,14): error TS1005: ',' expected.
server/storage.ts(979,3): error TS1434: Unexpected keyword or identifier.
server/storage.ts(979,31): error TS1005: ',' expected.
server/storage.ts(979,40): error TS1005: ';' expected.
server/storage.ts(979,59): error TS1011: An element access expression should take an argument.
server/storage.ts(980,9): error TS1005: ':' expected.
server/storage.ts(984,16): error TS1005: ',' expected.
server/storage.ts(985,10): error TS1005: ':' expected.
server/storage.ts(985,20): error TS1005: ',' expected.
server/storage.ts(989,3): error TS1434: Unexpected keyword or identifier.
server/storage.ts(989,28): error TS1005: ';' expected.
server/storage.ts(989,52): error TS1011: An element access expression should take an argument.
server/storage.ts(990,9): error TS1005: ':' expected.
server/storage.ts(994,15): error TS1005: ',' expected.
server/storage.ts(995,10): error TS1005: ':' expected.
server/storage.ts(995,20): error TS1005: ',' expected.
server/storage.ts(999,3): error TS1434: Unexpected keyword or identifier.
server/storage.ts(999,38): error TS1005: ',' expected.
server/storage.ts(999,54): error TS1005: ',' expected.
server/storage.ts(999,63): error TS1005: ';' expected.
server/storage.ts(999,79): error TS1109: Expression expected.
server/storage.ts(1000,9): error TS1005: ',' expected.
server/storage.ts(1000,17): error TS1005: ',' expected.
server/storage.ts(1002,33): error TS1005: ',' expected.
server/storage.ts(1006,3): error TS1434: Unexpected keyword or identifier.
server/storage.ts(1006,35): error TS1109: Expression expected.
server/storage.ts(1006,44): error TS1011: An element access expression should take an argument.
server/storage.ts(1006,55): error TS1109: Expression expected.
server/storage.ts(1006,64): error TS1005: ';' expected.
server/storage.ts(1006,80): error TS1011: An element access expression should take an argument.
server/storage.ts(1007,7): error TS1005: ',' expected.
server/storage.ts(1007,64): error TS1005: ',' expected.
server/storage.ts(1009,17): error TS1005: ',' expected.
server/storage.ts(1009,41): error TS1005: ';' expected.
server/storage.ts(1043,3): error TS1128: Declaration or statement expected.
server/storage.ts(1045,3): error TS1434: Unexpected keyword or identifier.
server/storage.ts(1045,51): error TS1005: ',' expected.
server/storage.ts(1045,60): error TS1005: ';' expected.
server/storage.ts(1045,76): error TS1011: An element access expression should take an argument.
server/storage.ts(1046,9): error TS1005: ':' expected.
server/storage.ts(1049,47): error TS1005: ',' expected.
server/storage.ts(1051,9): error TS1005: ':' expected.
server/storage.ts(1051,33): error TS1005: ',' expected.
server/storage.ts(1052,9): error TS1005: ':' expected.
server/storage.ts(1052,44): error TS1005: ',' expected.
server/storage.ts(1053,9): error TS1005: ':' expected.
server/storage.ts(1053,68): error TS1005: ',' expected.
server/storage.ts(1055,10): error TS1005: ':' expected.
server/storage.ts(1067,5): error TS1005: ',' expected.
server/storage.ts(1071,3): error TS1434: Unexpected keyword or identifier.
server/storage.ts(1071,43): error TS1005: ',' expected.
server/storage.ts(1071,52): error TS1005: ';' expected.
server/storage.ts(1072,9): error TS1005: ':' expected.
server/storage.ts(1072,117): error TS1005: ',' expected.
server/storage.ts(1073,10): error TS1005: ':' expected.
server/storage.ts(1073,50): error TS1005: ',' expected.
server/storage.ts(1076,3): error TS1434: Unexpected keyword or identifier.
server/storage.ts(1076,31): error TS1005: ',' expected.
server/storage.ts(1076,40): error TS1005: ';' expected.
server/storage.ts(1077,9): error TS1005: ':' expected.
server/storage.ts(1077,105): error TS1005: ',' expected.
server/storage.ts(1078,10): error TS1005: ':' expected.
server/storage.ts(1078,50): error TS1005: ',' expected.
server/storage.ts(1081,3): error TS1434: Unexpected keyword or identifier.
server/storage.ts(1081,40): error TS1005: ',' expected.
server/storage.ts(1081,49): error TS1005: ';' expected.
server/storage.ts(1081,83): error TS1011: An element access expression should take an argument.
server/storage.ts(1082,9): error TS1005: ':' expected.
server/storage.ts(1082,109): error TS1005: ',' expected.
server/storage.ts(1083,15): error TS1005: ',' expected.
server/storage.ts(1083,20): error TS1005: ';' expected.
server/storage.ts(1083,21): error TS1128: Declaration or statement expected.
server/storage.ts(1084,3): error TS1128: Declaration or statement expected.
server/storage.ts(1086,3): error TS1434: Unexpected keyword or identifier.
server/storage.ts(1086,35): error TS1005: ',' expected.
server/storage.ts(1086,44): error TS1005: ';' expected.
server/storage.ts(1086,64): error TS1011: An element access expression should take an argument.
server/storage.ts(1088,9): error TS1005: ':' expected.
server/storage.ts(1088,61): error TS1005: ',' expected.
server/storage.ts(1089,12): error TS1005: ',' expected.
server/storage.ts(1089,25): error TS1005: ',' expected.
server/storage.ts(1089,34): error TS1005: ':' expected.
server/storage.ts(1089,36): error TS1005: ',' expected.
server/storage.ts(1091,9): error TS1005: ':' expected.
server/storage.ts(1091,50): error TS1005: ',' expected.
server/storage.ts(1092,9): error TS1005: ':' expected.
server/storage.ts(1092,93): error TS1005: ',' expected.
server/storage.ts(1093,15): error TS1005: ',' expected.
server/storage.ts(1093,20): error TS1005: ';' expected.
server/storage.ts(1093,21): error TS1128: Declaration or statement expected.
server/storage.ts(1094,3): error TS1128: Declaration or statement expected.
server/storage.ts(1096,3): error TS1434: Unexpected keyword or identifier.
server/storage.ts(1096,32): error TS1005: ',' expected.
server/storage.ts(1096,53): error TS1005: ';' expected.
server/storage.ts(1097,9): error TS1005: ':' expected.
server/storage.ts(1104,4): error TS1005: ',' expected.
server/storage.ts(1105,9): error TS1005: ':' expected.
server/storage.ts(1105,108): error TS1005: ',' expected.
server/storage.ts(1110,5): error TS1005: ',' expected.
server/storage.ts(1110,8): error TS1003: Identifier expected.
server/storage.ts(1110,15): error TS1005: '{' expected.
server/storage.ts(1110,21): error TS1005: ':' expected.
server/storage.ts(1110,73): error TS1005: ',' expected.
server/storage.ts(1111,10): error TS1005: ':' expected.
server/storage.ts(1111,31): error TS1005: ',' expected.
server/storage.ts(1114,3): error TS1434: Unexpected keyword or identifier.
server/storage.ts(1114,30): error TS1005: ',' expected.
server/storage.ts(1114,44): error TS1005: ',' expected.
server/storage.ts(1114,74): error TS1005: ';' expected.
server/storage.ts(1115,9): error TS1005: ':' expected.
server/storage.ts(1115,15): error TS1005: ',' expected.
server/storage.ts(1115,25): error TS1005: ',' expected.
server/storage.ts(1116,10): error TS1005: ',' expected.
server/storage.ts(1116,19): error TS1005: ',' expected.
server/storage.ts(1116,27): error TS1005: ',' expected.
server/storage.ts(1116,52): error TS1005: ',' expected.
server/storage.ts(1117,10): error TS1005: ',' expected.
server/storage.ts(1117,23): error TS1005: ',' expected.
server/storage.ts(1117,31): error TS1005: ',' expected.
server/storage.ts(1117,65): error TS1005: ',' expected.
server/storage.ts(1118,10): error TS1005: ',' expected.
server/storage.ts(1118,21): error TS1005: ',' expected.
server/storage.ts(1118,29): error TS1005: ',' expected.
server/storage.ts(1118,59): error TS1005: ',' expected.
server/storage.ts(1119,10): error TS1005: ',' expected.
server/storage.ts(1119,23): error TS1005: ',' expected.
server/storage.ts(1119,31): error TS1005: ',' expected.
server/storage.ts(1119,65): error TS1005: ',' expected.
server/storage.ts(1120,10): error TS1005: ',' expected.
server/storage.ts(1120,33): error TS1005: ',' expected.
server/storage.ts(1120,41): error TS1005: ',' expected.
server/storage.ts(1120,67): error TS1005: ',' expected.
server/storage.ts(1121,6): error TS1138: Parameter declaration expected.
server/storage.ts(1121,29): error TS1005: ';' expected.
server/storage.ts(1125,3): error TS1128: Declaration or statement expected.
server/storage.ts(1127,3): error TS1434: Unexpected keyword or identifier.
server/storage.ts(1127,41): error TS1005: ',' expected.
server/storage.ts(1127,63): error TS1005: ',' expected.
server/storage.ts(1127,72): error TS1005: ';' expected.
server/storage.ts(1128,9): error TS1005: ':' expected.
server/storage.ts(1128,66): error TS1005: ',' expected.
server/storage.ts(1129,9): error TS1005: ':' expected.
server/storage.ts(1129,64): error TS1005: ',' expected.
server/storage.ts(1131,18): error TS1005: ',' expected.
server/storage.ts(1131,31): error TS1005: ',' expected.
server/storage.ts(1131,33): error TS1136: Property assignment expected.
server/storage.ts(1262,3): error TS1128: Declaration or statement expected.
server/storage.ts(1264,3): error TS1434: Unexpected keyword or identifier.
server/storage.ts(1264,44): error TS1005: ',' expected.
server/storage.ts(1264,66): error TS1005: ',' expected.
server/storage.ts(1264,75): error TS1011: An element access expression should take an argument.
server/storage.ts(1264,91): error TS1005: ',' expected.
server/storage.ts(1264,108): error TS1005: ';' expected.
server/storage.ts(1264,131): error TS1011: An element access expression should take an argument.
server/storage.ts(1265,18): error TS1005: ',' expected.
server/storage.ts(1265,31): error TS1005: ',' expected.
server/storage.ts(1265,40): error TS1005: ':' expected.
server/storage.ts(1265,42): error TS1005: ',' expected.
server/storage.ts(1267,9): error TS1005: ':' expected.
server/storage.ts(1271,47): error TS1005: ',' expected.
server/storage.ts(1273,9): error TS1005: ':' expected.
server/storage.ts(1273,54): error TS1005: ',' expected.
server/storage.ts(1286,5): error TS1005: ',' expected.
server/storage.ts(1286,12): error TS1005: ':' expected.
server/storage.ts(1286,23): error TS1005: ',' expected.
server/storage.ts(1289,3): error TS1434: Unexpected keyword or identifier.
server/storage.ts(1289,44): error TS1005: ',' expected.
server/storage.ts(1289,66): error TS1005: ',' expected.
server/storage.ts(1289,75): error TS1005: ';' expected.
server/storage.ts(1289,91): error TS1011: An element access expression should take an argument.
server/storage.ts(1290,9): error TS1005: ':' expected.
server/storage.ts(1290,61): error TS1005: ',' expected.
server/storage.ts(1291,9): error TS1005: ':' expected.
server/storage.ts(1291,55): error TS1005: ',' expected.
server/storage.ts(1292,19): error TS1005: ',' expected.
server/storage.ts(1292,32): error TS1005: ',' expected.
server/storage.ts(1292,41): error TS1005: ':' expected.
server/storage.ts(1292,43): error TS1005: ',' expected.
server/storage.ts(1294,9): error TS1005: ':' expected.
server/storage.ts(1299,47): error TS1005: ',' expected.
server/storage.ts(1301,9): error TS1005: ':' expected.
server/storage.ts(1327,4): error TS1005: ',' expected.
server/storage.ts(1328,10): error TS1005: ':' expected.
server/storage.ts(1328,27): error TS1005: ',' expected.
server/storage.ts(1331,3): error TS1434: Unexpected keyword or identifier.
server/storage.ts(1331,45): error TS1005: ',' expected.
server/storage.ts(1331,66): error TS1005: ',' expected.
server/storage.ts(1331,75): error TS1005: ';' expected.
server/storage.ts(1332,9): error TS1005: ':' expected.
server/storage.ts(1336,39): error TS1005: ',' expected.
server/storage.ts(1338,9): error TS1005: ':' expected.
server/storage.ts(1338,30): error TS1005: ',' expected.
server/storage.ts(1339,9): error TS1005: ':' expected.
server/storage.ts(1339,32): error TS1005: ',' expected.
server/storage.ts(1340,13): error TS1005: ',' expected.
server/storage.ts(1340,34): error TS1005: ',' expected.
server/storage.ts(1341,9): error TS1005: ':' expected.
server/storage.ts(1341,44): error TS1005: ',' expected.
server/storage.ts(1343,9): error TS1005: ':' expected.
server/storage.ts(1343,94): error TS1005: ',' expected.
server/storage.ts(1345,10): error TS1005: ':' expected.
server/storage.ts(1363,4): error TS1005: ',' expected.
server/storage.ts(1366,3): error TS1434: Unexpected keyword or identifier.
server/storage.ts(1366,28): error TS1005: ';' expected.
server/storage.ts(1366,53): error TS1011: An element access expression should take an argument.
server/storage.ts(1367,9): error TS1005: ':' expected.
server/storage.ts(1367,120): error TS1005: ',' expected.
server/storage.ts(1368,15): error TS1005: ',' expected.
server/storage.ts(1368,20): error TS1005: ';' expected.
server/storage.ts(1368,21): error TS1128: Declaration or statement expected.
server/storage.ts(1369,3): error TS1128: Declaration or statement expected.
server/storage.ts(1371,3): error TS1434: Unexpected keyword or identifier.
server/storage.ts(1371,36): error TS1005: ';' expected.
server/storage.ts(1371,70): error TS1011: An element access expression should take an argument.
server/storage.ts(1372,9): error TS1005: ':' expected.
server/storage.ts(1379,48): error TS1005: ',' expected.
server/storage.ts(1386,5): error TS1005: ',' expected.
server/storage.ts(1386,17): error TS1005: ',' expected.
server/storage.ts(1386,22): error TS1005: ';' expected.
server/storage.ts(1386,23): error TS1128: Declaration or statement expected.
server/storage.ts(1391,3): error TS1128: Declaration or statement expected.
server/storage.ts(1393,3): error TS1434: Unexpected keyword or identifier.
server/storage.ts(1393,39): error TS1005: ',' expected.
server/storage.ts(1393,69): error TS1005: ';' expected.
server/storage.ts(1394,9): error TS1005: ':' expected.
server/storage.ts(1399,4): error TS1005: ',' expected.
server/storage.ts(1401,9): error TS1005: ':' expected.
server/storage.ts(1401,119): error TS1005: ',' expected.
server/storage.ts(1406,5): error TS1005: ',' expected.
server/storage.ts(1406,8): error TS1003: Identifier expected.
server/storage.ts(1406,15): error TS1005: '{' expected.
server/storage.ts(1406,21): error TS1005: ':' expected.
server/storage.ts(1406,70): error TS1005: ',' expected.
server/storage.ts(1407,10): error TS1005: ':' expected.
server/storage.ts(1407,40): error TS1005: ',' expected.
server/storage.ts(1410,3): error TS1434: Unexpected keyword or identifier.
server/storage.ts(1410,37): error TS1005: ',' expected.
server/storage.ts(1410,46): error TS1005: ';' expected.
server/storage.ts(1410,62): error TS1109: Expression expected.
server/storage.ts(1411,9): error TS1005: ',' expected.
server/storage.ts(1411,17): error TS1005: ',' expected.
server/storage.ts(1411,80): error TS1005: ',' expected.
server/storage.ts(1414,3): error TS1434: Unexpected keyword or identifier.
server/storage.ts(1414,30): error TS1005: ',' expected.
server/storage.ts(1414,39): error TS1005: ';' expected.
server/storage.ts(1414,55): error TS1109: Expression expected.
server/storage.ts(1416,9): error TS1005: ',' expected.
server/storage.ts(1416,17): error TS1005: ',' expected.
server/storage.ts(1416,85): error TS1005: ',' expected.
server/storage.ts(1418,9): error TS1005: ',' expected.
server/storage.ts(1418,17): error TS1005: ',' expected.
server/storage.ts(1418,71): error TS1005: ',' expected.
server/storage.ts(1421,3): error TS1434: Unexpected keyword or identifier.
server/storage.ts(1421,46): error TS1005: ',' expected.
server/storage.ts(1421,55): error TS1005: ';' expected.
server/storage.ts(1422,20): error TS1005: ',' expected.
server/storage.ts(1423,23): error TS1005: ',' expected.
server/storage.ts(1424,20): error TS1005: ',' expected.
server/storage.ts(1425,19): error TS1005: ',' expected.
server/storage.ts(1427,9): error TS1005: ':' expected.
server/storage.ts(1427,27): error TS1005: ',' expected.
server/storage.ts(1428,8): error TS1005: ',' expected.
server/storage.ts(1428,29): error TS1005: ',' expected.
server/storage.ts(1429,9): error TS1005: ':' expected.
server/storage.ts(1429,39): error TS1005: ',' expected.
server/storage.ts(1431,9): error TS1005: ':' expected.
server/storage.ts(1435,33): error TS1005: ',' expected.
server/storage.ts(1437,9): error TS1005: ':' expected.
server/storage.ts(1441,33): error TS1005: ',' expected.
server/storage.ts(1443,9): error TS1005: ':' expected.
server/storage.ts(1447,33): error TS1005: ',' expected.
server/storage.ts(1449,9): error TS1005: ':' expected.
server/storage.ts(1453,33): error TS1005: ',' expected.
server/storage.ts(1455,10): error TS1005: ':' expected.
server/storage.ts(1460,4): error TS1005: ',' expected.
server/storage.ts(1463,3): error TS1434: Unexpected keyword or identifier.
server/storage.ts(1463,32): error TS1005: ',' expected.
server/storage.ts(1464,22): error TS1005: ',' expected.
server/storage.ts(1465,22): error TS1005: ',' expected.
server/storage.ts(1466,20): error TS1005: ',' expected.
server/storage.ts(1467,22): error TS1005: ',' expected.
server/storage.ts(1468,3): error TS1005: ';' expected.
server/storage.ts(1468,33): error TS1005: ',' expected.
server/storage.ts(1470,9): error TS1005: ':' expected.
server/storage.ts(1482,5): error TS1005: ',' expected.
server/storage.ts(1485,9): error TS1005: ':' expected.
server/storage.ts(1491,5): error TS1005: ',' expected.
server/storage.ts(1493,10): error TS1005: ':' expected.
server/storage.ts(1493,36): error TS1005: ',' expected.
server/storage.ts(1496,3): error TS1434: Unexpected keyword or identifier.
server/storage.ts(1496,51): error TS1005: ',' expected.
server/storage.ts(1496,78): error TS1011: An element access expression should take an argument.
server/storage.ts(1496,80): error TS1005: ';' expected.
server/storage.ts(1496,96): error TS1109: Expression expected.
server/storage.ts(1497,17): error TS1005: ',' expected.
server/storage.ts(1497,30): error TS1005: ',' expected.
server/storage.ts(1497,38): error TS1005: ':' expected.
server/storage.ts(1499,9): error TS1005: ':' expected.
server/storage.ts(1506,6): error TS1005: ',' expected.
server/storage.ts(1508,9): error TS1005: ':' expected.
server/storage.ts(1508,95): error TS1005: ',' expected.
server/storage.ts(1514,1): error TS1128: Declaration or statement expected.
